[debug] [2026-09-26T13:12:47.034Z] ----------------------------------------------------------------------
[debug] [2026-09-26T13:12:47.039Z] Command:       /usr/local/Cellar/node/26.7.0/bin/node /Users/ios/.npm/_npx/7750544ccf494d8b/node_modules/.bin/firebase functions:list --project crisisdesk --debug
[debug] [2026-09-26T13:12:47.039Z] CLI Version:   15.31.0
[debug] [2026-09-26T13:12:47.040Z] Platform:      darwin
[debug] [2026-09-26T13:12:47.040Z] Node Version:  v26.7.0
[debug] [2026-09-26T13:12:47.040Z] Detected Agent: github_copilot_vscode_agent
[debug] [2026-09-26T13:12:47.041Z] Time:          Sat Sep 26 2026 16:12:47 GMT+0300 (East Africa Time)
[debug] [2026-09-26T13:12:47.041Z] ----------------------------------------------------------------------
[debug] 
[debug] [2026-09-26T13:12:47.328Z] > command requires scopes: ["email","openid","https://www.googleapis.com/auth/cloudplatformprojects.readonly","https://www.googleapis.com/auth/firebase","https://www.googleapis.com/auth/cloud-platform"]
[debug] [2026-09-26T13:12:47.329Z] > authorizing via signed-in user (tugumekeith022@gmail.com)
[debug] [2026-09-26T13:12:47.329Z] [iam] checking project crisisdesk for permissions ["cloudfunctions.functions.list","firebase.projects.get","run.services.list"]
[debug] [2026-09-26T13:12:47.349Z] Checked if tokens are valid: false, expires at: 1790428618337
[debug] [2026-09-26T13:12:47.350Z] Checked if tokens are valid: false, expires at: 1790428618337
[debug] [2026-09-26T13:12:47.350Z] > refreshing access token with scopes: []
[debug] [2026-09-26T13:12:47.353Z] >>> [apiv2][query] POST https://www.googleapis.com/oauth2/v3/token [none]
[debug] [2026-09-26T13:12:47.353Z] >>> [apiv2][body] POST https://www.googleapis.com/oauth2/v3/token [omitted]
[debug] [2026-09-26T13:12:48.233Z] <<< [apiv2][status] POST https://www.googleapis.com/oauth2/v3/token 200
[debug] [2026-09-26T13:12:48.234Z] <<< [apiv2][body] POST https://www.googleapis.com/oauth2/v3/token [omitted]
[debug] [2026-09-26T13:12:48.280Z] >>> [apiv2][query] POST https://cloudresourcemanager.googleapis.com/v1/projects/crisisdesk:testIamPermissions [none]
[debug] [2026-09-26T13:12:48.280Z] >>> [apiv2][(partial)header] POST https://cloudresourcemanager.googleapis.com/v1/projects/crisisdesk:testIamPermissions  x-goog-user-project=crisisdesk
[debug] [2026-09-26T13:12:48.281Z] >>> [apiv2][body] POST https://cloudresourcemanager.googleapis.com/v1/projects/crisisdesk:testIamPermissions {"permissions":["cloudfunctions.functions.list","firebase.projects.get","run.services.list"]}
[debug] [2026-09-26T13:12:50.170Z] <<< [apiv2][status] POST https://cloudresourcemanager.googleapis.com/v1/projects/crisisdesk:testIamPermissions 200
[debug] [2026-09-26T13:12:50.170Z] <<< [apiv2][body] POST https://cloudresourcemanager.googleapis.com/v1/projects/crisisdesk:testIamPermissions {"permissions":["cloudfunctions.functions.list","firebase.projects.get","run.services.list"]}
[debug] [2026-09-26T13:12:50.171Z] Checked if tokens are valid: true, expires at: 1790431967234
[debug] [2026-09-26T13:12:50.171Z] Checked if tokens are valid: true, expires at: 1790431967234
[debug] [2026-09-26T13:12:50.171Z] >>> [apiv2][query] GET https://cloudfunctions.googleapis.com/v1/projects/crisisdesk/locations/-/functions [none]
[debug] [2026-09-26T13:12:51.375Z] <<< [apiv2][status] GET https://cloudfunctions.googleapis.com/v1/projects/crisisdesk/locations/-/functions 200
[debug] [2026-09-26T13:12:51.375Z] <<< [apiv2][body] GET https://cloudfunctions.googleapis.com/v1/projects/crisisdesk/locations/-/functions {}
[debug] [2026-09-26T13:12:51.376Z] Checked if tokens are valid: true, expires at: 1790431967234
[debug] [2026-09-26T13:12:51.376Z] Checked if tokens are valid: true, expires at: 1790431967234
[debug] [2026-09-26T13:12:51.376Z] >>> [apiv2][query] GET https://cloudfunctions.googleapis.com/v2/projects/crisisdesk/locations/-/functions filter=environment%3D%22GEN_2%22
[debug] [2026-09-26T13:12:52.513Z] <<< [apiv2][status] GET https://cloudfunctions.googleapis.com/v2/projects/crisisdesk/locations/-/functions 200
